../Core/Src/main.c:98:5:main	8	static
../Core/Src/main.c:154:6:SystemClock_Config	88	static
../Core/Src/main.c:198:6:button_hundler	8	static
../Core/Src/main.c:235:6:homeScreen	8	static
../Core/Src/main.c:393:6:adm_mode	8	static
../Core/Src/main.c:472:6:sub_mode	8	static
../Core/Src/main.c:539:6:mpesa	8	static
../Core/Src/main.c:595:6:mpesaPaymentMenu	8	static
../Core/Src/main.c:683:6:payment	8	static
../Core/Src/main.c:824:6:resetButtons	4	static
../Core/Src/main.c:832:6:sleep_mode	8	static
../Core/Src/main.c:848:6:Error_Handler	4	static,ignoring_inline_asm
